// Jest Snapshot v1, https://goo.gl/fbAQLP

exports[`icons icons Snapshot 1`] = `ShallowWrapper {}`;

exports[`icons icons Snapshot 2`] = `ShallowWrapper {}`;

exports[`icons icons Snapshot 3`] = `ShallowWrapper {}`;

exports[`icons icons Snapshot 4`] = `ShallowWrapper {}`;

exports[`icons icons Snapshot 5`] = `ShallowWrapper {}`;

exports[`icons icons Snapshot 6`] = `ShallowWrapper {}`;

exports[`icons icons Snapshot 7`] = `ShallowWrapper {}`;

exports[`icons icons Snapshot 8`] = `ShallowWrapper {}`;

exports[`icons icons Snapshot 9`] = `ShallowWrapper {}`;
